Using /home/zach/geo/models/min3p/MIN3P-THCm-DP-SOI
    Running Cecil....
    Spinup successful for Cecil
        Running longterm...
        Running monthly...
        Running daily...
        Running hourly...
    Running Flanagan....
    Spinup successful for Flanagan
        Running longterm...
        Running monthly...
        Running daily...
        Running hourly...
    Running HoustonBlack....
    Spinup successful for HoustonBlack
        Running longterm...
        Running monthly...
        Running daily...
        Running hourly...
    Running Kalamazoo....
    Spinup successful for Kalamazoo
        Running longterm...
        Running monthly...
        Running daily...
        Running hourly...
    Running Kuma....
    Spinup successful for Kuma
        Running longterm...
        Running monthly...
        Running daily...
        Running hourly...
    Running Palouse....
    Spinup successful for Palouse
        Running longterm...
        Running monthly...
        Running daily...
        Running hourly...
    Running Pullman....
    Spinup successful for Pullman
        Running longterm...
        Running monthly...
        Running daily...
        Running hourly...
    Running Yolo....
    Spinup successful for Yolo
        Running longterm...
        Running monthly...
        Running daily...
        Running hourly...
Finished running 8 spin-up simulations
Script runtime: 00:32:20 
