#Program     : MIN3P_THCm.
#Version     : 1.0.599.0
#Commit date : 2018/08/08 09:47:15
#Build date  : 2025/07/03 14:18:24
#Repository  : https://min3psvn.ubc.ca/svn/min3p_thcm/branches/dsu_dual_permeability
#Platform    : Release_X64
#System      : Linux
#Solver      : WS209
#Parallel    : Sequential
************************************************************************
log file for dataset speciation
************************************************************************

consider exponent n for reaction rate law: false
initial condition - local geochemistry
------------------------------------------------------------------------

************************************************************************
initial concentrations                                                  
************************************************************************

 reading aqueous concentrations
 reading mineral parameters
 quartz
 k-feld-d-ph
 na-montmor
 calcite-ph
 Newton Iteration Convergence Summary: lc
 Newton     maximum    for         
 iteration  update     component   
     1      1.1805D+00 mg+2        
     2      1.1805D+00 mg+2        
     3     -4.3429D-01 al+3        
     4     -4.3429D-01 al+3        
     5     -4.3429D-01 al+3        
     6     -4.3429D-01 al+3        
     7     -4.3429D-01 al+3        
     8     -4.3429D-01 al+3        
     9     -4.3428D-01 al+3        
    10     -4.3425D-01 al+3        
    11     -4.3419D-01 al+3        
    12     -4.3403D-01 al+3        
    13     -4.3357D-01 al+3        
    14     -4.3235D-01 al+3        
    15     -4.2905D-01 al+3        
    16     -4.2021D-01 al+3        
    17     -3.9725D-01 al+3        
    18      3.5582D-01 cl-1        
    19      2.6217D-01 cl-1        
    20      3.2736D-01 cl-1        
    21      2.8255D-01 cl-1        
    22      3.1371D-01 cl-1        
    23      2.9219D-01 cl-1        
    24      3.0713D-01 cl-1        
    25      2.9679D-01 cl-1        
    26      3.0396D-01 cl-1        
    27      2.9900D-01 cl-1        
    28      1.7467D-01 cl-1        
    29     -2.9495D-02 cl-1        
    30     -9.2415D-04 cl-1        
    31      6.3751D-03 cl-1        
    32     -1.0364D-03 cl-1        
    33     -2.6276D-04 cl-1        
    34      2.5309D-04 cl-1        
    35     -2.5344D-05 cl-1        
    36     -1.8085D-05 cl-1        
    37      9.4933D-06 cl-1        
    38      2.4269D-07 al+3        

general run specific statistics ...
------------------------------------------------------------------------

total number of Newton iterations       =         38
total number of time steps              =          0

------------------------------------------------------------------------

         ***************** normal exit *************b****


