#Program     : MIN3P_THCm.
#Version     : 1.0.599.0
#Commit date : 2018/08/08 09:47:15
#Build date  : 2025/07/03 14:18:24
#Repository  : https://min3psvn.ubc.ca/svn/min3p_thcm/branches/dsu_dual_permeability
#Platform    : Release_X64
#System      : Linux
#Solver      : WS209
#Parallel    : Sequential
************************************************************************
log file for dataset speciation
************************************************************************

consider exponent n for reaction rate law: false
initial condition - local geochemistry
------------------------------------------------------------------------

************************************************************************
initial concentrations                                                  
************************************************************************

 reading aqueous concentrations
 reading mineral parameters
 quartz
 k-feld-d-ph
 na-montmor
 calcite-ph
 Newton Iteration Convergence Summary: lc
 Newton     maximum    for         
 iteration  update     component   
     1      1.1805D+00 mg+2        
     2      1.1805D+00 mg+2        
     3     -4.3429D-01 al+3        
     4     -4.3429D-01 al+3        
     5     -4.3429D-01 al+3        
     6     -4.3429D-01 al+3        
     7     -4.3429D-01 al+3        
     8     -4.3428D-01 al+3        
     9     -4.3425D-01 al+3        
    10     -4.3419D-01 al+3        
    11     -4.3400D-01 al+3        
    12     -4.3350D-01 al+3        
    13     -4.3215D-01 al+3        
    14     -4.2849D-01 al+3        
    15     -4.1872D-01 al+3        
    16     -3.9334D-01 al+3        
    17     -3.3254D-01 al+3        
    18      2.9155D-01 cl-1        
    19      3.0759D-01 cl-1        
    20     -4.3232D-02 cl-1        
    21     -4.2122D-03 cl-1        
    22      4.6381D-03 cl-1        
    23     -6.8757D-04 cl-1        
    24     -1.4275D-04 cl-1        
    25      8.2478D-05 cl-1        
    26     -8.2464D-06 cl-1        
    27     -3.5534D-06 cl-1        
    28      1.4051D-06 cl-1        
    29      8.0991D-08 al+3        

general run specific statistics ...
------------------------------------------------------------------------

total number of Newton iterations       =         29
total number of time steps              =          0

------------------------------------------------------------------------

         ***************** normal exit *************b****


