#Program     : MIN3P_THCm.
#Version     : 1.0.599.0
#Commit date : 2018/08/08 09:47:15
#Build date  : 2025/07/03 14:18:24
#Repository  : https://min3psvn.ubc.ca/svn/min3p_thcm/branches/dsu_dual_permeability
#Platform    : Release_X64
#System      : Linux
#Solver      : WS209
#Parallel    : Sequential
************************************************************************
log file for dataset speciation
************************************************************************

consider exponent n for reaction rate law: false
initial condition - local geochemistry
------------------------------------------------------------------------

************************************************************************
initial concentrations                                                  
************************************************************************

 reading aqueous concentrations
 reading mineral parameters
 quartz
 k-feld-d-ph
 na-montmor
 calcite-ph
 Newton Iteration Convergence Summary: lc
 Newton     maximum    for         
 iteration  update     component   
     1      1.1805D+00 mg+2        
     2      1.1805D+00 mg+2        
     3     -4.1901D-01 al+3        
     4     -3.9899D-01 al+3        
     5     -3.4598D-01 al+3        
     6     -2.4185D-01 al+3        
     7     -9.8682D-02 al+3        
     8     -1.3041D-02 al+3        
     9     -1.9270D-04 al+3        
    10      2.3467D-06 cl-1        
    11      2.1498D-07 al+3        

general run specific statistics ...
------------------------------------------------------------------------

total number of Newton iterations       =         11
total number of time steps              =          0

------------------------------------------------------------------------

         ***************** normal exit *************b****


