#Program     : MIN3P_THCm.
#Version     : 1.0.599.0
#Commit date : 2018/08/08 09:47:15
#Build date  : 2025/07/03 14:18:24
#Repository  : https://min3psvn.ubc.ca/svn/min3p_thcm/branches/dsu_dual_permeability
#Platform    : Release_X64
#System      : Linux
#Solver      : WS209
#Parallel    : Sequential
************************************************************************
log file for dataset speciation
************************************************************************

consider exponent n for reaction rate law: false
initial condition - local geochemistry
------------------------------------------------------------------------

************************************************************************
initial concentrations                                                  
************************************************************************

 reading aqueous concentrations
 reading mineral parameters
 quartz
 k-feld-d-ph
 na-montmor
 calcite-ph
 Newton Iteration Convergence Summary: lc
 Newton     maximum    for         
 iteration  update     component   
     1      1.1805D+00 mg+2        
     2      1.1805D+00 mg+2        
     3     -4.3110D-01 al+3        
     4     -4.2653D-01 al+3        
     5     -4.1385D-01 al+3        
     6     -3.8174D-01 al+3        
     7     -3.0771D-01 al+3        
     8     -1.7719D-01 al+3        
     9     -4.7656D-02 al+3        
    10     -2.8114D-03 al+3        
    11     -8.2563D-06 al+3        
    12      1.8234D-07 al+3        

general run specific statistics ...
------------------------------------------------------------------------

total number of Newton iterations       =         12
total number of time steps              =          0

------------------------------------------------------------------------

         ***************** normal exit *************b****


