#Program     : MIN3P_THCm.
#Version     : 1.0.599.0
#Commit date : 2018/08/08 09:47:15
#Build date  : 2025/07/03 14:18:24
#Repository  : https://min3psvn.ubc.ca/svn/min3p_thcm/branches/dsu_dual_permeability
#Platform    : Release_X64
#System      : Linux
#Solver      : WS209
#Parallel    : Sequential
************************************************************************
log file for dataset speciation
************************************************************************

consider exponent n for reaction rate law: false
initial condition - local geochemistry
------------------------------------------------------------------------

************************************************************************
initial concentrations                                                  
************************************************************************

 reading aqueous concentrations
 reading mineral parameters
 quartz
 k-feld-d-ph
 na-montmor
 calcite-ph
 Newton Iteration Convergence Summary: lc
 Newton     maximum    for         
 iteration  update     component   
     1      1.1805D+00 mg+2        
     2      1.1805D+00 mg+2        
     3     -4.3429D-01 al+3        
     4     -4.3429D-01 al+3        
     5     -4.3429D-01 al+3        
     6     -4.3429D-01 al+3        
     7     -4.3429D-01 al+3        
     8     -4.3428D-01 al+3        
     9     -4.3426D-01 al+3        
    10     -4.3421D-01 al+3        
    11     -4.3407D-01 al+3        
    12     -4.3371D-01 al+3        
    13     -4.3271D-01 al+3        
    14     -4.3001D-01 al+3        
    15     -4.2277D-01 al+3        
    16     -4.0379D-01 al+3        
    17     -3.5701D-01 al+3        
    18      2.6187D-01 cl-1        
    19      3.2756D-01 cl-1        
    20      2.8241D-01 cl-1        
    21      3.1381D-01 cl-1        
    22      2.9212D-01 cl-1        
    23      3.0718D-01 cl-1        
    24      2.9676D-01 cl-1        
    25      3.0399D-01 cl-1        
    26      2.9898D-01 cl-1        
    27     -6.0010D-02 cl-1        
    28     -7.8253D-03 cl-1        
    29      8.7460D-03 cl-1        
    30     -1.6287D-03 cl-1        
    31     -4.7023D-04 cl-1        
    32      2.8273D-04 cl-1        
    33     -3.0625D-05 cl-1        
    34     -2.0978D-05 cl-1        
    35      8.5402D-06 cl-1        
    36      2.8285D-07 al+3        

general run specific statistics ...
------------------------------------------------------------------------

total number of Newton iterations       =         36
total number of time steps              =          0

------------------------------------------------------------------------

         ***************** normal exit *************b****


