#Program     : MIN3P_THCm.
#Version     : 1.0.599.0
#Commit date : 2018/08/08 09:47:15
#Build date  : 2025/07/03 14:18:24
#Repository  : https://min3psvn.ubc.ca/svn/min3p_thcm/branches/dsu_dual_permeability
#Platform    : Release_X64
#System      : Linux
#Solver      : WS209
#Parallel    : Sequential
************************************************************************
log file for dataset speciation
************************************************************************

consider exponent n for reaction rate law: false
initial condition - local geochemistry
------------------------------------------------------------------------

************************************************************************
initial concentrations                                                  
************************************************************************

 reading aqueous concentrations
 reading mineral parameters
 quartz
 k-feld-d-ph
 na-montmor
 calcite-ph
 Newton Iteration Convergence Summary: lc
 Newton     maximum    for         
 iteration  update     component   
     1      1.1805D+00 mg+2        
     2      1.1805D+00 mg+2        
     3      3.2091D-01 cl-1        
     4     -1.0356D-01 ca+2        
     5     -1.4393D-02 ca+2        
     6     -2.0950D-03 al+3        
     7     -3.0608D-05 al+3        
     8      9.2643D-07 cl-1        

general run specific statistics ...
------------------------------------------------------------------------

total number of Newton iterations       =          8
total number of time steps              =          0

------------------------------------------------------------------------

         ***************** normal exit *************b****


