#Program     : MIN3P_THCm.
#Version     : 1.0.599.0
#Commit date : 2018/08/08 09:47:15
#Build date  : 2025/07/03 14:18:24
#Repository  : https://min3psvn.ubc.ca/svn/min3p_thcm/branches/dsu_dual_permeability
#Platform    : Release_X64
#System      : Linux
#Solver      : WS209
#Parallel    : Sequential
************************************************************************
log file for dataset speciation
************************************************************************

consider exponent n for reaction rate law: false
initial condition - local geochemistry
------------------------------------------------------------------------

************************************************************************
initial concentrations                                                  
************************************************************************

 reading aqueous concentrations
 reading mineral parameters
 quartz
 k-feld-d-ph
 na-montmor
 calcite-ph
 Newton Iteration Convergence Summary: lc
 Newton     maximum    for         
 iteration  update     component   
     1      1.1805D+00 mg+2        
     2      1.1805D+00 mg+2        
     3     -4.3429D-01 al+3        
     4     -4.3429D-01 al+3        
     5     -4.3429D-01 al+3        
     6     -4.3429D-01 al+3        
     7     -4.3428D-01 al+3        
     8     -4.3427D-01 al+3        
     9     -4.3423D-01 al+3        
    10     -4.3412D-01 al+3        
    11     -4.3382D-01 al+3        
    12     -4.3301D-01 al+3        
    13     -4.3082D-01 al+3        
    14     -4.2494D-01 al+3        
    15     -4.0940D-01 al+3        
    16     -3.7037D-01 al+3        
    17     -2.8414D-01 al+3        
    18      3.1436D-01 cl-1        
    19      2.9174D-01 cl-1        
    20      3.0746D-01 cl-1        
    21      2.9660D-01 cl-1        
    22      1.2607D-01 cl-1        
    23     -1.5782D-02 cl-1        
    24     -1.2140D-03 al+3        
    25      1.1527D-03 cl-1        
    26     -1.4950D-04 cl-1        
    27     -1.0496D-05 al+3        
    28      1.1524D-05 cl-1        
    29     -1.2228D-06 cl-1        
    30     -1.7972D-07 cl-1        

general run specific statistics ...
------------------------------------------------------------------------

total number of Newton iterations       =         30
total number of time steps              =          0

------------------------------------------------------------------------

         ***************** normal exit *************b****


