#Program     : MIN3P_THCm.
#Version     : 1.0.599.0
#Commit date : 2018/08/08 09:47:15
#Build date  : 2025/07/03 14:18:24
#Repository  : https://min3psvn.ubc.ca/svn/min3p_thcm/branches/dsu_dual_permeability
#Platform    : Release_X64
#System      : Linux
#Solver      : WS209
#Parallel    : Sequential
************************************************************************
log file for dataset speciation
************************************************************************

consider exponent n for reaction rate law: false
initial condition - local geochemistry
------------------------------------------------------------------------

************************************************************************
initial concentrations                                                  
************************************************************************

 reading aqueous concentrations
 reading mineral parameters
 quartz
 k-feld-d-ph
 na-montmor
 calcite-ph
 Newton Iteration Convergence Summary: lc
 Newton     maximum    for         
 iteration  update     component   
     1      1.1805D+00 mg+2        
     2      1.1805D+00 mg+2        
     3     -4.3426D-01 al+3        
     4     -4.3422D-01 al+3        
     5     -4.3410D-01 al+3        
     6     -4.3376D-01 al+3        
     7     -4.3284D-01 al+3        
     8     -4.3019D-01 al+3        
     9     -4.2314D-01 al+3        
    10     -4.0473D-01 al+3        
    11     -3.5920D-01 al+3        
    12     -2.6257D-01 al+3        
    13     -1.1994D-01 al+3        
    14     -1.9945D-02 al+3        
    15     -4.7003D-04 al+3        
    16      1.1991D-06 cl-1        
    17      9.0304D-08 al+3        

general run specific statistics ...
------------------------------------------------------------------------

total number of Newton iterations       =         17
total number of time steps              =          0

------------------------------------------------------------------------

         ***************** normal exit *************b****


