#Program     : MIN3P_THCm.
#Version     : 1.0.599.0
#Commit date : 2018/08/08 09:47:15
#Build date  : 2025/07/03 14:18:24
#Repository  : https://min3psvn.ubc.ca/svn/min3p_thcm/branches/dsu_dual_permeability
#Platform    : Release_X64
#System      : Linux
#Solver      : WS209
#Parallel    : Sequential
************************************************************************
log file for dataset speciation
************************************************************************

consider exponent n for reaction rate law: false
initial condition - local geochemistry
------------------------------------------------------------------------

************************************************************************
initial concentrations                                                  
************************************************************************

 reading aqueous concentrations
 reading mineral parameters
 quartz
 k-feld-d-ph
 na-montmor
 calcite-ph
 Newton Iteration Convergence Summary: lc
 Newton     maximum    for         
 iteration  update     component   
     1      1.1805D+00 mg+2        
     2      1.1805D+00 mg+2        
     3     -4.3426D-01 al+3        
     4     -4.3421D-01 al+3        
     5     -4.3407D-01 al+3        
     6     -4.3368D-01 al+3        
     7     -4.3261D-01 al+3        
     8     -4.2953D-01 al+3        
     9     -4.2124D-01 al+3        
    10     -3.9991D-01 al+3        
    11     -3.4792D-01 al+3        
    12     -2.4184D-01 al+3        
    13     -9.8412D-02 al+3        
    14     -1.2982D-02 al+3        
    15     -1.9620D-04 al+3        
    16      6.2475D-07 cl-1        

general run specific statistics ...
------------------------------------------------------------------------

total number of Newton iterations       =         16
total number of time steps              =          0

------------------------------------------------------------------------

         ***************** normal exit *************b****


