#Program     : MIN3P_THCm.
#Version     : 1.0.599.0
#Commit date : 2018/08/08 09:47:15
#Build date  : 2025/07/03 14:18:24
#Repository  : https://min3psvn.ubc.ca/svn/min3p_thcm/branches/dsu_dual_permeability
#Platform    : Release_X64
#System      : Linux
#Solver      : WS209
#Parallel    : Sequential
************************************************************************
log file for dataset speciation
************************************************************************

consider exponent n for reaction rate law: false
initial condition - local geochemistry
------------------------------------------------------------------------

************************************************************************
initial concentrations                                                  
************************************************************************

 reading aqueous concentrations
 reading mineral parameters
 quartz
 k-feld-d-ph
 na-montmor
 calcite-ph
 Newton Iteration Convergence Summary: lc
 Newton     maximum    for         
 iteration  update     component   
     1      1.1805D+00 mg+2        
     2      1.1805D+00 co3-2       
     3     -4.3429D-01 al+3        
     4     -4.3429D-01 al+3        
     5     -4.3429D-01 al+3        
     6     -4.3429D-01 al+3        
     7     -4.3429D-01 al+3        
     8     -4.3429D-01 al+3        
     9     -4.3429D-01 al+3        
    10     -4.3429D-01 al+3        
    11     -4.3429D-01 al+3        
    12     -4.3429D-01 al+3        
    13     -4.3429D-01 al+3        
    14     -4.3428D-01 al+3        
    15     -4.3427D-01 al+3        
    16     -4.3422D-01 al+3        
    17     -4.3410D-01 al+3        
    18     -4.3375D-01 al+3        
    19     -4.3283D-01 al+3        
    20     -4.3033D-01 al+3        
    21     -4.2362D-01 al+3        
    22     -4.0599D-01 al+3        
    23     -3.6220D-01 al+3        
    24      3.1360D-01 cl-1        
    25      2.9227D-01 cl-1        
    26      3.0708D-01 cl-1        
    27      2.9683D-01 cl-1        
    28      3.0394D-01 cl-1        
    29      2.9901D-01 cl-1        
    30      3.0243D-01 cl-1        
    31      3.0007D-01 cl-1        
    32      3.0171D-01 cl-1        
    33      3.0058D-01 cl-1        
    34      6.3385D-02 cl-1        
    35     -4.5716D-03 cl-1        
    36      5.8234D-04 cl-1        
    37      2.6158D-04 cl-1        
    38     -2.1908D-05 cl-1        
    39     -1.7342D-06 al+3        
    40      1.1807D-06 cl-1        
    41      9.5200D-08 al+3        

general run specific statistics ...
------------------------------------------------------------------------

total number of Newton iterations       =         41
total number of time steps              =          0

------------------------------------------------------------------------

         ***************** normal exit *************b****


